// Jest Snapshot v1, https://goo.gl/fbAQLP

exports[`Snapshot <ButtonShowMore /> Render <ButtonShowMore /> showButton={false} 1`] = `null`;

exports[`Snapshot <ButtonShowMore /> Render <ButtonShowMore /> showButton={true} 1`] = `
<div
  className="catalog__more"
  onClick={[Function]}
>
  <button
    className="catalog__button"
    type="button"
  >
    Show more
  </button>
</div>
`;
