// Jest Snapshot v1, https://goo.gl/fbAQLP

exports[`Snapshot <Details/> Render <Details/>  1`] = `
<div
  className="movie-card__text movie-card__row"
>
  <div
    className="movie-card__text-col"
  >
    <p
      className="movie-card__details-item"
    >
      <strong
        className="movie-card__details-name"
      >
        Director
      </strong>
      <span
        className="movie-card__details-value"
      >
        Wes Andreson
      </span>
    </p>
    <div
      className="movie-card__details-item"
    >
      <strong
        className="movie-card__details-name"
      >
        Starring
      </strong>
      <span
        className="movie-card__details-value"
      >
        <div>
          Bill Murray
           
          <br />
        </div>
        <div>
          Edward Norton
           
          <br />
        </div>
        <div>
          Jude Law
           
          <br />
        </div>
        <div>
          Willem Dafoe
           
          <br />
        </div>
        <div>
          Saoirse Ronan
           
          <br />
        </div>
      </span>
    </div>
  </div>
  <div
    className="movie-card__text-col"
  >
    <p
      className="movie-card__details-item"
    >
      <strong
        className="movie-card__details-name"
      >
        Run Time
      </strong>
      <span
        className="movie-card__details-value"
      >
        2h 
      </span>
    </p>
    <p
      className="movie-card__details-item"
    >
      <strong
        className="movie-card__details-name"
      >
        Genre
      </strong>
      <span
        className="movie-card__details-value"
      >
        Fantastic
      </span>
    </p>
    <p
      className="movie-card__details-item"
    >
      <strong
        className="movie-card__details-name"
      >
        Released
      </strong>
      <span
        className="movie-card__details-value"
      >
        2010
      </span>
    </p>
  </div>
</div>
`;
