// Jest Snapshot v1, https://goo.gl/fbAQLP

exports[`Snapshot <MovieTabs/> Render <MovieTabs/>  1`] = `
Array [
  <nav
    className="movie-nav movie-card__nav"
  >
    <ul
      className="movie-nav__list"
    >
      <li
        className="movie-nav__item movie-nav__item--active"
        id="i0"
        onClick={[Function]}
      >
        <a
          className="movie-nav__link"
          href="#i 0"
        >
          Overview
        </a>
      </li>
      <li
        className="movie-nav__item"
        id="i1"
        onClick={[Function]}
      >
        <a
          className="movie-nav__link"
          href="#i 1"
        >
          Details
        </a>
      </li>
      <li
        className="movie-nav__item"
        id="i2"
        onClick={[Function]}
      >
        <a
          className="movie-nav__link"
          href="#i 2"
        >
          Reviews
        </a>
      </li>
    </ul>
  </nav>,
  <div
    className="movie-rating"
  >
    <div
      className="movie-rating__score"
    >
      9.9
    </div>
    <p
      className="movie-rating__meta"
    >
      <span
        className="movie-rating__level"
      >
        Very good
      </span>
      <span
        className="movie-rating__count"
      >
        240
         ratings
      </span>
    </p>
  </div>,
  <div
    className="movie-card__text"
  >
    <p>
      In the 1930s, the Grand Budapest Hotel is a popular European ski resort, presided over by concierge Gustave H. (Ralph Fiennes). Zero, a junior lobby boy, becomes Gustave's friend and protege.
    </p>
    <p>
      Gustave prides himself on providing first-class service to the hotel's guests, including satisfying the sexual needs of the many elderly women who stay there. When one of Gustave's lovers dies mysteriously, Gustave finds himself the recipient of a priceless painting and the chief suspect in her murder.
    </p>
    <p
      className="movie-card__director"
    >
      <strong>
        Director: 
        Wes Andreson
      </strong>
    </p>
    <p
      className="movie-card__starring"
    >
      <strong>
        Starring:
         Bill Murray,
         Edward Norton,
         Jude Law,
         Willem Dafoe,
         Saoirse Ronan
      </strong>
    </p>
  </div>,
]
`;
